// Jest Snapshot v1, https://goo.gl/fbAQLP

exports[`banner renders correctly 1`] = `
<div
  className="container-fluid m_nopadding"
>
  <div
    className="row"
  >
    <div
      className="app_banner_cnt"
    >
      <img
        alt="Banner_img"
        src="banner_img.jpg"
      />
      <img
        alt="Banner_img"
        className="mob_img"
        src="mobile_banner.jpg"
      />
      <div
        className="app_banner_text"
      >
        <h1>
          The thrill of living is in the joy of giving.
        </h1>
        <a
          href="/best-selling"
          onClick={[Function]}
        >
          Shop our best sellers and more here
        </a>
      </div>
    </div>
  </div>
</div>
`;
