// Jest Snapshot v1, https://goo.gl/fbAQLP

exports[`search renders correctly 1`] = `
<form>
  <input
    onChange={[Function]}
    onClick={[Function]}
    placeholder="What can we help you find?"
    type="text"
  />
</form>
`;
